{
  "graphs" : [ {
    "id" : "http://purl.obolibrary.org/obo/prefixes.owl",
    "meta" : {
      "basicPropertyValues" : [ {
        "pred" : "http://www.geneontology.org/formats/oboInOwl#hasOBOFormatVersion",
        "val" : "1.4"
      } ]
    },
    "nodes" : [ {
      "id" : "http://www.geneontology.org/formats/oboInOwl#hasOBOFormatVersion",
      "lbl" : "has_obo_format_version",
      "type" : "PROPERTY"
    } ],
    "edges" : [ {
      "sub" : "http://purl.obolibrary.org/obo/X_1",
      "pred" : "is_a",
      "obj" : "http://purl.obolibrary.org/obo/Y_1"
    } ]
  } ]
}