{
  "graphs" : [ {
    "id" : "http://purl.obolibrary.org/obo/definition-xref.owl",
    "meta" : {
      "basicPropertyValues" : [ {
        "pred" : "http://www.geneontology.org/formats/oboInOwl#hasOBOFormatVersion",
        "val" : "1.4"
      } ]
    },
    "nodes" : [ {
      "id" : "http://purl.obolibrary.org/obo/IAO_0000115",
      "lbl" : "definition",
      "type" : "PROPERTY"
    }, {
      "id" : "http://purl.obolibrary.org/obo/X_1",
      "type" : "CLASS",
      "meta" : {
        "definition" : {
          "val" : "x1 def",
          "xrefs" : [ "PMID:123456" ]
        }
      }
    }, {
      "id" : "http://www.geneontology.org/formats/oboInOwl#hasDbXref",
      "lbl" : "database_cross_reference",
      "type" : "PROPERTY"
    }, {
      "id" : "http://www.geneontology.org/formats/oboInOwl#hasOBOFormatVersion",
      "lbl" : "has_obo_format_version",
      "type" : "PROPERTY"
    } ]
  } ]
}