{
  "graphs" : [ {
    "id" : "http://purl.obolibrary.org/obo/synonymtypedef-definition.owl",
    "meta" : {
      "basicPropertyValues" : [ {
        "pred" : "http://www.geneontology.org/formats/oboInOwl#hasOBOFormatVersion",
        "val" : "1.4"
      } ]
    },
    "nodes" : [ {
      "id" : "http://purl.obolibrary.org/obo/S_1",
      "lbl" : "example"
    }, {
      "id" : "http://www.geneontology.org/formats/oboInOwl#SynonymTypeProperty",
      "lbl" : "synonym_type_property",
      "type" : "PROPERTY"
    }, {
      "id" : "http://www.geneontology.org/formats/oboInOwl#hasOBOFormatVersion",
      "lbl" : "has_obo_format_version",
      "type" : "PROPERTY"
    } ]
  } ]
}