{
  "graphs" : [ {
    "id" : "http://purl.obolibrary.org/obo/gci-relation.owl",
    "meta" : {
      "basicPropertyValues" : [ {
        "pred" : "http://www.geneontology.org/formats/oboInOwl#hasOBOFormatVersion",
        "val" : "1.4"
      } ]
    },
    "nodes" : [ {
      "id" : "http://www.geneontology.org/formats/oboInOwl#hasOBOFormatVersion",
      "lbl" : "has_obo_format_version",
      "type" : "PROPERTY"
    }, {
      "id" : "http://www.geneontology.org/formats/oboInOwl#id",
      "lbl" : "id",
      "type" : "PROPERTY"
    } ],
    "edges" : [ {
      "sub" : "http://purl.obolibrary.org/obo/X_1",
      "pred" : "http://purl.obolibrary.org/obo/R_1",
      "obj" : "http://purl.obolibrary.org/obo/X_2",
      "meta" : {
        "basicPropertyValues" : [ {
          "pred" : "http://www.geneontology.org/formats/oboInOwl#gci_predicate",
          "val" : "R:2"
        } ]
      }
    } ]
  } ]
}