{
  "graphs" : [ {
    "id" : "http://purl.obolibrary.org/obo/relationship-non-logical.owl",
    "meta" : {
      "basicPropertyValues" : [ {
        "pred" : "http://www.geneontology.org/formats/oboInOwl#hasOBOFormatVersion",
        "val" : "1.4"
      } ]
    },
    "nodes" : [ {
      "id" : "http://purl.obolibrary.org/obo/R_1",
      "type" : "PROPERTY",
      "meta" : {
        "basicPropertyValues" : [ {
          "pred" : "http://www.geneontology.org/formats/oboInOwl#is_metadata_tag",
          "val" : "true"
        } ]
      }
    }, {
      "id" : "http://purl.obolibrary.org/obo/X_1",
      "type" : "CLASS",
      "meta" : {
        "basicPropertyValues" : [ {
          "pred" : "http://purl.obolibrary.org/obo/R_1",
          "val" : "http://purl.obolibrary.org/obo/Y_1"
        } ]
      }
    }, {
      "id" : "http://www.geneontology.org/formats/oboInOwl#hasOBOFormatVersion",
      "lbl" : "has_obo_format_version",
      "type" : "PROPERTY"
    }, {
      "id" : "http://www.geneontology.org/formats/oboInOwl#id",
      "lbl" : "id",
      "type" : "PROPERTY"
    } ]
  } ]
}