{
  "graphs" : [ {
    "id" : "http://purl.obolibrary.org/obo/narrow_synonym.owl",
    "meta" : {
      "basicPropertyValues" : [ {
        "pred" : "http://www.geneontology.org/formats/oboInOwl#hasOBOFormatVersion",
        "val" : "1.4"
      } ]
    },
    "nodes" : [ {
      "id" : "http://purl.obolibrary.org/obo/X_1",
      "lbl" : "example term",
      "type" : "CLASS",
      "meta" : {
        "synonyms" : [ {
          "pred" : "hasNarrowSynonym",
          "val" : "narrow synonym"
        } ]
      }
    }, {
      "id" : "http://www.geneontology.org/formats/oboInOwl#hasNarrowSynonym",
      "lbl" : "has_narrow_synonym",
      "type" : "PROPERTY"
    }, {
      "id" : "http://www.geneontology.org/formats/oboInOwl#hasOBOFormatVersion",
      "lbl" : "has_obo_format_version",
      "type" : "PROPERTY"
    } ]
  } ]
}