{
  "graphs" : [ {
    "id" : "http://purl.obolibrary.org/obo/equivalent_to-annotated.owl",
    "meta" : {
      "basicPropertyValues" : [ {
        "pred" : "http://www.geneontology.org/formats/oboInOwl#hasOBOFormatVersion",
        "val" : "1.4"
      } ]
    },
    "nodes" : [ {
      "id" : "http://www.geneontology.org/formats/oboInOwl#hasOBOFormatVersion",
      "lbl" : "has_obo_format_version",
      "type" : "PROPERTY"
    } ],
    "equivalentNodesSets" : [ {
      "representativeNodeId" : "http://purl.obolibrary.org/obo/X_1",
      "nodeIds" : [ "http://purl.obolibrary.org/obo/X_1", "http://purl.obolibrary.org/obo/X_2" ],
      "meta" : {
        "basicPropertyValues" : [ {
          "pred" : "http://www.geneontology.org/formats/oboInOwl#source",
          "val" : "PMID:123463"
        } ]
      }
    } ]
  } ]
}