{
  "graphs" : [ {
    "id" : "http://purl.obolibrary.org/obo/replaced_by-annotated.owl",
    "meta" : {
      "basicPropertyValues" : [ {
        "pred" : "http://www.geneontology.org/formats/oboInOwl#hasOBOFormatVersion",
        "val" : "1.4"
      } ]
    },
    "nodes" : [ {
      "id" : "http://purl.obolibrary.org/obo/IAO_0100001",
      "lbl" : "term replaced by",
      "type" : "PROPERTY"
    }, {
      "id" : "http://purl.obolibrary.org/obo/X_1",
      "type" : "CLASS",
      "meta" : {
        "basicPropertyValues" : [ {
          "pred" : "http://purl.obolibrary.org/obo/IAO_0100001",
          "val" : "X:2"
        } ],
        "deprecated" : true
      }
    }, {
      "id" : "http://www.geneontology.org/formats/oboInOwl#hasOBOFormatVersion",
      "lbl" : "has_obo_format_version",
      "type" : "PROPERTY"
    } ]
  } ]
}