{
  "graphs" : [ {
    "id" : "http://purl.obolibrary.org/obo/subset.owl",
    "meta" : {
      "basicPropertyValues" : [ {
        "pred" : "http://www.geneontology.org/formats/oboInOwl#hasOBOFormatVersion",
        "val" : "1.4"
      } ]
    },
    "nodes" : [ {
      "id" : "http://purl.obolibrary.org/obo/X_1",
      "type" : "CLASS",
      "meta" : {
        "subsets" : [ "http://purl.obolibrary.org/obo/subset#S" ]
      }
    }, {
      "id" : "http://www.geneontology.org/formats/oboInOwl#SubsetProperty",
      "lbl" : "subset_property",
      "type" : "PROPERTY"
    }, {
      "id" : "http://www.geneontology.org/formats/oboInOwl#hasOBOFormatVersion",
      "lbl" : "has_obo_format_version",
      "type" : "PROPERTY"
    }, {
      "id" : "http://www.geneontology.org/formats/oboInOwl#id",
      "lbl" : "id",
      "type" : "PROPERTY"
    }, {
      "id" : "http://www.geneontology.org/formats/oboInOwl#inSubset",
      "lbl" : "in_subset",
      "type" : "PROPERTY"
    } ]
  } ]
}